// Jest Snapshot v1, https://goo.gl/fbAQLP

exports[`Renders progress bar 1`] = `
<input
  className="styledProgressInput"
  max={100}
  min="0"
  onChange={[Function]}
  step={5}
  type="range"
  value={0}
/>
`;
